// Jest Snapshot v1, https://goo.gl/fbAQLP

exports[`<Loading /> 1`] = `
<div
  className="align-items-center d-flex flex-grow-1 h-100 justify-content-center loading"
>
  <div
    className="m-5 spinner-border text-secondary"
  />
</div>
`;
